---
source: tests/integration/ui_snapshots.rs
expression: rendered
---
┌Database Operations───────────────────────────────────────────────────────────┐
│ Dashboard                                                                    │
└──────────────────────────────────────────────────────────────────────────────┘
┌Status────────────────────────────────────────────────────────────────────────┐
│Database Status                                                               │
│                                                                              │
│Status:        ✓ Ready                                                        │
│Daemon:        Running                                                        │
│Last Sync:     Never                                                          │
└──────────────────────────────────────────────────────────────────────────────┘
┌Statistics────────────────────────────────────────────────────────────────────┐
│Statistics                                                                    │
│                                                                              │
│Total Issues:  50                                                             │
│Open:          0                                                              │
│In Progress:   0                                                              │
│Closed:        0                                                              │
│Blocked:       0                                                              │
│                                                                              │
│Database Size: 0 B                                                            │
└──────────────────────────────────────────────────────────────────────────────┘
                                                                                
                                                                                
Up/Down/j/k: Navigate | r: Refresh | s: Sync | x: Export | i: Import | v: Verify
