---
source: tests/integration/ui_snapshots.rs
expression: rendered
---
┌──────────────────────────────────────────────────────────────────────────────┐
│                           Help & Keyboard Shortcuts                          │
└──────────────────────────────────────────────────────────────────────────────┘
┌Global (Use ↑/↓ to scroll)────────────────────────────────────────────────────┐
│Global & Navigation Shortcuts                                                 │
│                                                                              │
│Global Actions                                                                │
│q, Ctrl+Q, Ctrl+C                  - Exit the application                     │
│?                                  - Toggle keyboard shortcuts overlay        │
│F1                                 - Toggle context-sensitive help            │
│Ctrl+P or F12                      - Toggle performance statistics            │
│Ctrl+Z                             - Undo last action                         │
│Ctrl+Y                             - Redo last undone action                  │
│Esc                                - Dismiss notification / close overlays    │
│Ctrl+H                             - Show notification history                │
│                                                                              │
│Navigation                                                                    │
│Tab                                - Switch to the next top-level tab         │
│Shift+Tab                          - Switch to the previous tab               │
│1-9                                - Jump to tab by number                    │
│Up/Down or j/k                     - Move selection up/down                   │
│Left/Right or h/l                  - Move selection left/right or             │
│collapse/expand                                                               │
└──────────────────────────────────────────────────────────────────────────────┘
