---
source: tests/integration/ui_snapshots.rs
expression: rendered
---
Showing all 3 issues  [Scope: All]                                              
┌Issues (3/3)──────────────────────────────────────────────────────────────────┐
│ID      Title                 Status P... Type Assi... Labels     Updat...    │
│beads-1 ○ Add state selector  o Open ● P1 ✨  F alex    ui, sta... 2026-...    │
│beads-1 ◐ Fix label valida... * I... ◆ P0 🐛  B sam     bug, la... 2026-...    │
│beads-1 ✓ Document workflo... + C... ○ P2 📋  T -       docs       2026-...    │
│                                                                              │
│                                                                              │
│                                                                              │
│                                                                              │
│                                                                              │
│                                                                              │
│                                                                              │
│                                                                              │
│                                                                              │
│                                                                              │
│                                                                              │
│                                                                              │
│                                                                              │
│                                                                              │
│                                                                              │
│                                                                              │
└──────────────────────────────────────────────────────────────────────────────┘
/: Search | Esc: Clear | Shift+N/Alt+N: Next/Prev | Alt+Z: Fuzzy | Alt+R: Regex
