---
source: tests/integration/ui_snapshots.rs
expression: rendered
---
Showing all 3 issues  [Scope: All]                                              
┌Issues (3/3)──────────────────────────────────────────────────────────────────┐
│ID         Title         Status   Pri... Type   Assignee Labels     Updated ▼ │
│beads-100  ○ Add state s o Open   ● P1   ✨      alex     ui, sta... 2026-01...│
│beads-101  ◐ Fix label v * InP... ◆ P0   🐛      sam      bug, la... 2026-01...│
│beads-102  ✓ Document wo + Closed ○ P2   📋      -        docs       2026-01...│
│                                                                              │
│                                                                              │
│                                                                              │
│                                                                              │
│                                                                              │
│                                                                              │
│                                                                              │
│                                                                              │
│                                                                              │
│                                                                              │
│                                                                              │
│                                                                              │
│                                                                              │
│                                                                              │
│                                                                              │
│                                                                              │
└──────────────────────────────────────────────────────────────────────────────┘
/ Focus Search | Tab: Cycle Scope | v: Cycle View | Esc: Clear | j/k: Navigate |
