---
source: tests/integration/ui_snapshots.rs
assertion_line: 55
expression: rendered
---
┌Search [All] - View: All Issues─Search────────────────────────────────────────────────────────────────────────────────┐
│🔍  Search...                                                                                                          │
└──────────────────────────────────────────────────────────────────────────────────────────────────────────────────────┘
Showing all 3 issues  [Scope: All]                                                                                      
┌Issues (3/3)──────────────────────────────────────────────────────────────────────────────────────────────────────────┐
│   ID              Title                Status       Priority Type     Assignee        Labels          Updated ▼      │
│>> beads-100       ○ Add state selector ○ Open       ● P1     ✨        alex            ui, state:patro 2026-01-02 02:3│
│   beads-101       ◐ Fix label validati ◐ InProgress ◆ P0     🐛        sam             bug, labels     2026-01-02 02:3│
│   beads-102       ✓ Document workflow  ✓ Closed     ○ P2     📋        -               docs            2026-01-02 02:3│
│                                                                                                                      │
│                                                                                                                      │
│                                                                                                                      │
│                                                                                                                      │
│                                                                                                                      │
│                                                                                                                      │
│                                                                                                                      │
│                                                                                                                      │
│                                                                                                                      │
│                                                                                                                      │
│                                                                                                                      │
│                                                                                                                      │
│                                                                                                                      │
│                                                                                                                      │
│                                                                                                                      │
│                                                                                                                      │
│                                                                                                                      │
│                                                                                                                      │
│                                                                                                                      │
│                                                                                                                      │
│                                                                                                                      │
│                                                                                                                      │
│                                                                                                                      │
│                                                                                                                      │
│                                                                                                                      │
│                                                                                                                      │
│                                                                                                                      │
│                                                                                                                      │
│                                                                                                                      │
└──────────────────────────────────────────────────────────────────────────────────────────────────────────────────────┘
/ Focus Search | Tab: Cycle Scope | v: Cycle View | Esc: Clear | j/k: Navigate | Enter: View | ?: Toggle Help
