---
source: tests/integration/ui_snapshots.rs
expression: rendered
---
┌[FILTERS]─────────────────────────────────────────────────────────────────────┐
│ S:Status [All.▼] │ T:Type [All.▼] │ P:Priority [All.▼] │ L:Labels [All.▼] │ C│
└──────────────────────────────────────────────────────────────────────────────┘
┌ISSUES (3/3)──────────────────────────────────────────────────────────────────┐
│ID              Title                                 Status       Priority   ↑
│beads-100       Add state selector                    Open         P1         █
│beads-101       Fix label validation                  InProgress   P0         █
│beads-102       Document workflow examples            Closed       P2         █
│                                                                              █
│                                                                              █
│                                                                              █
│                                                                              █
│                                                                              █
│                                                                              █
│                                                                              █
│                                                                              █
│                                                                              █
│                                                                              █
│                                                                              █
│                                                                              █
│                                                                              ║
│                                                                              ║
│                                                                              ↓
└←██████████████████████████████████████════════════════════════════1 more ▶═→─┘
