---
source: tests/integration/ui_snapshots.rs
expression: rendered
---
Showing all 3 issues  [Scope: All]                                                                                      
┌Issues (3/3)──────────────────────────────────────────────────────────────────────────────────────────────────────────┐
│ID           Title                             Status    Pri... Type   Assignee     Labels           Updated ▼        │
│beads-100    ○ Add state selector              o Open    ● P1   ✨      alex         ui, state:patrol 2026-01-02...    │
│beads-101    ◐ Fix label validation            * InPr... ◆ P0   🐛      sam          bug, labels      2026-01-02...    │
│beads-102    ✓ Document workflow examples      + Closed  ○ P2   📋      -            docs             2026-01-02...    │
│                                                                                                                      │
│                                                                                                                      │
│                                                                                                                      │
│                                                                                                                      │
│                                                                                                                      │
│                                                                                                                      │
│                                                                                                                      │
│                                                                                                                      │
│                                                                                                                      │
│                                                                                                                      │
│                                                                                                                      │
│                                                                                                                      │
│                                                                                                                      │
│                                                                                                                      │
│                                                                                                                      │
│                                                                                                                      │
│                                                                                                                      │
│                                                                                                                      │
│                                                                                                                      │
│                                                                                                                      │
│                                                                                                                      │
│                                                                                                                      │
│                                                                                                                      │
│                                                                                                                      │
│                                                                                                                      │
│                                                                                                                      │
│                                                                                                                      │
│                                                                                                                      │
│                                                                                                                      │
│                                                                                                                      │
│                                                                                                                      │
│                                                                                                                      │
└──────────────────────────────────────────────────────────────────────────────────────────────────────────────────────┘
/: Search | Esc: Clear | Shift+N/Alt+N: Next/Prev | Alt+Z: Fuzzy | Alt+R: Regex | f: Filters | Shift+F: Clear | Alt+F: M
